Archive member included to satisfy reference by file (symbol)

C:/Program Files/SEGGER/SEGGER Embedded Studio for ARM 3.34b/lib/libm_v6m_t_le_eabi.a(libm_asm.o)
                              Output/Dimmer Debug/Obj/main.o (__aeabi_i2f)
C:/Program Files/SEGGER/SEGGER Embedded Studio for ARM 3.34b/lib/libm_v6m_t_le_eabi.a(libm2_asm.o)
                              Output/Dimmer Debug/Obj/main.o (fabs)
C:/Program Files/SEGGER/SEGGER Embedded Studio for ARM 3.34b/lib/libc_v6m_t_le_eabi.a(libc_asm.o)
                              Output/Dimmer Debug/Obj/system_stm32f0xx.o (__aeabi_uidiv)
C:/Program Files/SEGGER/SEGGER Embedded Studio for ARM 3.34b/lib/libc_v6m_t_le_eabi.a(libc2.o)
                              Output/Dimmer Debug/Obj/SEGGER_RTT_SES.o (vsnprintf)
C:/Program Files/SEGGER/SEGGER Embedded Studio for ARM 3.34b/lib/libc_v6m_t_le_eabi.a(libc2_asm.o)
                              Output/Dimmer Debug/Obj/SEGGER_RTT.o (memcpy)
C:/Program Files/SEGGER/SEGGER Embedded Studio for ARM 3.34b/lib/libdebugio_v6m_t_le_eabi.a(libdebugio.o)
                              Output/Dimmer Debug/Obj/thumb_crt0.o (debug_fopen)
C:/Program Files/SEGGER/SEGGER Embedded Studio for ARM 3.34b/lib/libdebugio_mempoll_v6m_t_le_eabi.a(mempoll_debug_operations.o)
                              C:/Program Files/SEGGER/SEGGER Embedded Studio for ARM 3.34b/lib/libdebugio_v6m_t_le_eabi.a(libdebugio.o) (__do_debug_operation)
C:/Program Files/SEGGER/SEGGER Embedded Studio for ARM 3.34b/lib/libdebugio_mempoll_v6m_t_le_eabi.a(do_nv_debug_operation.o)
                              C:/Program Files/SEGGER/SEGGER Embedded Studio for ARM 3.34b/lib/libdebugio_v6m_t_le_eabi.a(libdebugio.o) (__do_nvdebug_operation)
C:/Program Files/SEGGER/SEGGER Embedded Studio for ARM 3.34b/lib/libm_v6m_t_le_eabi.a(libm2.o)
                              C:/Program Files/SEGGER/SEGGER Embedded Studio for ARM 3.34b/lib/libvfprintf_v6m_t_le_eabi.o (frexp)

Discarded input sections

 .group         0x0000000000000000        0x8 Output/Dimmer Debug/Obj/system_stm32f0xx.o
 .group         0x0000000000000000        0x8 Output/Dimmer Debug/Obj/system_stm32f0xx.o
 .group         0x0000000000000000        0x8 Output/Dimmer Debug/Obj/system_stm32f0xx.o
 .group         0x0000000000000000        0x8 Output/Dimmer Debug/Obj/system_stm32f0xx.o
 .group         0x0000000000000000        0x8 Output/Dimmer Debug/Obj/system_stm32f0xx.o
 .group         0x0000000000000000        0x8 Output/Dimmer Debug/Obj/system_stm32f0xx.o
 .group         0x0000000000000000        0x8 Output/Dimmer Debug/Obj/system_stm32f0xx.o
 .group         0x0000000000000000        0x8 Output/Dimmer Debug/Obj/system_stm32f0xx.o
 .group         0x0000000000000000        0x8 Output/Dimmer Debug/Obj/system_stm32f0xx.o
 .text          0x0000000000000000        0x0 Output/Dimmer Debug/Obj/system_stm32f0xx.o
 .data          0x0000000000000000        0x0 Output/Dimmer Debug/Obj/system_stm32f0xx.o
 .bss           0x0000000000000000        0x0 Output/Dimmer Debug/Obj/system_stm32f0xx.o
 .init          0x0000000000000000        0x0 Output/Dimmer Debug/Obj/system_stm32f0xx.o
 .group         0x0000000000000000        0x8 Output/Dimmer Debug/Obj/SEGGER_RTT.o
 .group         0x0000000000000000        0x8 Output/Dimmer Debug/Obj/SEGGER_RTT.o
 .group         0x0000000000000000        0x8 Output/Dimmer Debug/Obj/SEGGER_RTT.o
 .group         0x0000000000000000        0x8 Output/Dimmer Debug/Obj/SEGGER_RTT.o
 .group         0x0000000000000000        0x8 Output/Dimmer Debug/Obj/SEGGER_RTT.o
 .text          0x0000000000000000        0x0 Output/Dimmer Debug/Obj/SEGGER_RTT.o
 .data          0x0000000000000000        0x0 Output/Dimmer Debug/Obj/SEGGER_RTT.o
 .bss           0x0000000000000000        0x0 Output/Dimmer Debug/Obj/SEGGER_RTT.o
 .data._aTerminalId
                0x0000000000000000       0x10 Output/Dimmer Debug/Obj/SEGGER_RTT.o
 .bss._SEGGER_RTT
                0x0000000000000000       0x78 Output/Dimmer Debug/Obj/SEGGER_RTT.o
 .bss._acUpBuffer
                0x0000000000000000      0x400 Output/Dimmer Debug/Obj/SEGGER_RTT.o
 .bss._acDownBuffer
                0x0000000000000000       0x10 Output/Dimmer Debug/Obj/SEGGER_RTT.o
 .bss._ActiveTerminal
                0x0000000000000000        0x1 Output/Dimmer Debug/Obj/SEGGER_RTT.o
 .rodata        0x0000000000000000       0x17 Output/Dimmer Debug/Obj/SEGGER_RTT.o
 .text._DoInit  0x0000000000000000       0x9c Output/Dimmer Debug/Obj/SEGGER_RTT.o
 .text._WriteBlocking
                0x0000000000000000       0xb0 Output/Dimmer Debug/Obj/SEGGER_RTT.o
 .text._WriteNoCheck
                0x0000000000000000       0x7c Output/Dimmer Debug/Obj/SEGGER_RTT.o
 .text._PostTerminalSwitch
                0x0000000000000000       0x38 Output/Dimmer Debug/Obj/SEGGER_RTT.o
 .text._GetAvailWriteSpace
                0x0000000000000000       0x3c Output/Dimmer Debug/Obj/SEGGER_RTT.o
 .text.SEGGER_RTT_ReadNoLock
[...]
Memory Configuration

Name             Origin             Length             Attributes
UNPLACED_SECTIONS 0x0000000100000000 0x0000000000000000 xw
RAM              0x0000000020000000 0x0000000000001000 xw
FLASH            0x0000000008000000 0x0000000000004000 xr
*default*        0x0000000000000000 0xffffffffffffffff

Linker script and memory map

                0x0000000000000000                __vfprintf = __vfprintf_int_nwp
                0x0000000000000000                __vfscanf = __vfscanf_int
                0x0000000020000000                __RAM_segment_start__ = 0x20000000
                0x0000000020001000                __RAM_segment_end__ = 0x20001000
                0x0000000000001000                __RAM_segment_size__ = 0x1000
                0x0000000008000000                __FLASH_segment_start__ = 0x8000000
                0x0000000008004000                __FLASH_segment_end__ = 0x8004000
                0x0000000000004000                __FLASH_segment_size__ = 0x4000
                0x0000000000000000                __HEAPSIZE__ = 0x0
                0x0000000000000000                __STACKSIZE_ABT__ = 0x0
                0x0000000000000000                __STACKSIZE_FIQ__ = 0x0
                0x0000000000000000                __STACKSIZE_IRQ__ = 0x0
                0x0000000000000000                __STACKSIZE_PROCESS__ = 0x0
                0x0000000000000000                __STACKSIZE_SVC__ = 0x0
                0x0000000000000000                __STACKSIZE_UND__ = 0x0
                0x0000000000000100                __STACKSIZE__ = 0x100
                0x0000000020000000                __vectors_ram_load_start__ = ALIGN (__RAM_segment_start__, 0x100)

.vectors_ram    0x0000000020000000        0x0
                0x0000000020000000                __vectors_ram_start__ = .
 *(.vectors_ram .vectors_ram.*)
                0x0000000020000000                __vectors_ram_end__ = (__vectors_ram_start__ + SIZEOF (.vectors_ram))
                0x0000000000000000                __vectors_ram_size__ = SIZEOF (.vectors_ram)
                0x0000000020000000                __vectors_ram_load_end__ = __vectors_ram_end__
                0x0000000000000001                . = ASSERT (((__vectors_ram_start__ == __vectors_ram_end__) || ((__vectors_ram_end__ >= __RAM_segment_start__) && (__vectors_ram_end__ <= __RAM_segment_end__))), error: .vectors_ram is too large to fit in RAM memory segment)
                0x0000000008000000                __vectors_load_start__ = ALIGN (__FLASH_segment_start__, 0x100)

.vectors        0x0000000008000000       0xc0
                0x0000000008000000                __vectors_start__ = .
 *(.vectors .vectors.*)
 .vectors       0x0000000008000000       0xc0 Output/Dimmer Debug/Obj/STM32F0x0_Vectors.o
                0x0000000008000000                _vectors
                0x00000000080000c0                __vectors_end__ = (__vectors_start__ + SIZEOF (.vectors))
                0x00000000000000c0                __vectors_size__ = SIZEOF (.vectors)
                0x00000000080000c0                __vectors_load_end__ = __vectors_end__
                0x0000000000000001                . = ASSERT (((__vectors_start__ == __vectors_end__) || ((__vectors_end__ >= __FLASH_segment_start__) && (__vectors_end__ <= __FLASH_segment_end__))), error: .vectors is too large to fit in FLASH memory segment)
                0x00000000080000c0                __init_load_start__ = ALIGN (__vectors_end__, 0x4)

.init           0x00000000080000c0      0x31c
                0x00000000080000c0                __init_start__ = .
 *(.init .init.*)
 .init.SystemInit
                0x00000000080000c0       0x84 Output/Dimmer Debug/Obj/system_stm32f0xx.o
                0x00000000080000c0                SystemInit
 .init.SystemCoreClockUpdate
                0x0000000008000144       0xd4 Output/Dimmer Debug/Obj/system_stm32f0xx.o
                0x0000000008000144                SystemCoreClockUpdate
 .init          0x0000000008000218      0x158 Output/Dimmer Debug/Obj/thumb_crt0.o
                0x0000000008000218                _start
                0x00000000080002ca                exit
 .init          0x0000000008000370       0x28 Output/Dimmer Debug/Obj/STM32F0xx_Startup.o
                0x0000000008000370                Reset_Handler
 .init          0x0000000008000398       0x44 Output/Dimmer Debug/Obj/STM32F0x0_Vectors.o
                0x0000000008000398                NMI_Handler
                0x000000000800039a                HardFault_Handler
                0x000000000800039c                SVC_Handler
                0x000000000800039e                PendSV_Handler
                0x00000000080003a4                WWDG_IRQHandler
                0x00000000080003a6                PVD_IRQHandler
                0x00000000080003a8                RTC_IRQHandler
                0x00000000080003aa                FLASH_IRQHandler
                0x00000000080003ac                RCC_IRQHandler
                0x00000000080003ae                EXTI0_1_IRQHandler
                0x00000000080003b0                EXTI2_3_IRQHandler
                0x00000000080003b2                EXTI4_15_IRQHandler
                0x00000000080003b4                DMA1_CH1_IRQHandler
                0x00000000080003b8                DMA1_CH4_5_IRQHandler
                0x00000000080003ba                ADC_IRQHandler
                0x00000000080003bc                TIM1_BRK_UP_TRG_COM_IRQHandler
                0x00000000080003be                TIM1_CC_IRQHandler
                0x00000000080003c0                TIM3_IRQHandler
                0x00000000080003c2                TIM6_IRQHandler
                0x00000000080003c4                TIM14_IRQHandler
                0x00000000080003c6                TIM15_IRQHandler
                0x00000000080003c8                TIM16_IRQHandler
                0x00000000080003ca                TIM17_IRQHandler
                0x00000000080003cc                I2C1_IRQHandler
                0x00000000080003ce                I2C2_IRQHandler
                0x00000000080003d0                SPI1_IRQHandler
                0x00000000080003d2                SPI2_IRQHandler
                0x00000000080003d6                USART2_IRQHandler
                0x00000000080003d8                USART3_4_5_6_IRQHandler
                0x00000000080003da                USB_IRQHandler
                0x00000000080003dc                __init_end__ = (__init_start__ + SIZEOF (.init))
                0x000000000000031c                __init_size__ = SIZEOF (.init)
                0x00000000080003dc                __init_load_end__ = __init_end__
                0x0000000000000001                . = ASSERT (((__init_start__ == __init_end__) || ((__init_end__ >= __FLASH_segment_start__) && (__init_end__ <= __FLASH_segment_end__))), error: .init is too large to fit in FLASH memory segment)
                0x00000000080003dc                __init_rodata_load_start__ = ALIGN (__init_end__, 0x4)

.init_rodata    0x00000000080003dc       0x10
                0x00000000080003dc                __init_rodata_start__ = .
 *(.init_rodata .init_rodata.*)
 .init_rodata.AHBPrescTable
                0x00000000080003dc       0x10 Output/Dimmer Debug/Obj/system_stm32f0xx.o
                0x00000000080003dc                AHBPrescTable
                0x00000000080003ec                __init_rodata_end__ = (__init_rodata_start__ + SIZEOF (.init_rodata))
                0x0000000000000010                __init_rodata_size__ = SIZEOF (.init_rodata)
                0x00000000080003ec                __init_rodata_load_end__ = __init_rodata_end__
                0x0000000000000001                . = ASSERT (((__init_rodata_start__ == __init_rodata_end__) || ((__init_rodata_end__ >= __FLASH_segment_start__) && (__init_rodata_end__ <= __FLASH_segment_end__))), error: .init_rodata is too large to fit in FLASH memory segment)
                0x00000000080003ec                __text_load_start__ = ALIGN (__init_rodata_end__, 0x4)

.text           0x00000000080003ec     0x1010
                0x00000000080003ec                __text_start__ = .
 *(.text .text.* .glue_7t .glue_7 .gnu.linkonce.t.* .gcc_except_table .ARM.extab* .gnu.linkonce.armextab.*)
 .glue_7        0x00000000080003ec        0x0 linker stubs
 .glue_7t       0x00000000080003ec        0x0 linker stubs
 .text.NVIC_SetPriority
                0x00000000080003ec       0xec Output/Dimmer Debug/Obj/main.o
 .text.SysTick_Config
                0x00000000080004d8       0x44 Output/Dimmer Debug/Obj/main.o
 .text.MODBUS_Slave_Changed_Handler
                0x000000000800051c       0xc0 Output/Dimmer Debug/Obj/main.o
                0x000000000800051c                MODBUS_Slave_Changed_Handler
 .text.SetPll48
                0x00000000080005dc       0x5c Output/Dimmer Debug/Obj/main.o
                0x00000000080005dc                SetPll48
 .text.Dimmer_Init
                0x0000000008000638       0x88 Output/Dimmer Debug/Obj/main.o
                0x0000000008000638                Dimmer_Init
 .text.Dimmer_SetVal
                0x00000000080006c0       0x3c Output/Dimmer Debug/Obj/main.o
                0x00000000080006c0                Dimmer_SetVal
 .text.Dimmer_GetVal
                0x00000000080006fc       0x18 Output/Dimmer Debug/Obj/main.o
                0x00000000080006fc                Dimmer_GetVal
 .text.SysTick_Handler
                0x0000000008000714       0xa4 Output/Dimmer Debug/Obj/main.o
                0x0000000008000714                SysTick_Handler
 .text.main     0x00000000080007b8       0x8c Output/Dimmer Debug/Obj/main.o
                0x00000000080007b8                main
 .text.NVIC_EnableIRQ
                0x0000000008000844       0x2c Output/Dimmer Debug/Obj/modbus_slave.o
 .text.crc_chk  0x0000000008000870       0x94 Output/Dimmer Debug/Obj/modbus_slave.o
                0x0000000008000870                crc_chk
 .text.MODBUS_Swap_Byte
                0x0000000008000904       0x7c Output/Dimmer Debug/Obj/modbus_slave.o
                0x0000000008000904                MODBUS_Swap_Byte
 .text.USART1_IRQHandler
                0x0000000008000980      0x4f8 Output/Dimmer Debug/Obj/modbus_slave.o
                0x0000000008000980                USART1_IRQHandler
 .text.DMA1_CH2_3_IRQHandler
                0x0000000008000e78       0x18 Output/Dimmer Debug/Obj/modbus_slave.o
                0x0000000008000e78                DMA1_CH2_3_IRQHandler
 .text.Modbus_Slave_Init
                0x0000000008000e90      0x100 Output/Dimmer Debug/Obj/modbus_slave.o
                0x0000000008000e90                Modbus_Slave_Init
 .text.libc.__int32_to_float32
                0x0000000008000f90       0x28 C:/Program Files/SEGGER/SEGGER Embedded Studio for ARM 3.34b/lib/libm_v6m_t_le_eabi.a(libm_asm.o)
                0x0000000008000f90                __int32_to_float32
                0x0000000008000f90                __floatsisf
                0x0000000008000f90                __aeabi_i2f
 .text.libc.__int32_to_float64
                0x0000000008000fb8       0x1c C:/Program Files/SEGGER/SEGGER Embedded Studio for ARM 3.34b/lib/libm_v6m_t_le_eabi.a(libm_asm.o)
                0x0000000008000fb8                __aeabi_i2d
                0x0000000008000fb8                __int32_to_float64
                0x0000000008000fb8                __floatsidf
 .text.libc.__uint32_to_float64
                0x0000000008000fd4       0x20 C:/Program Files/SEGGER/SEGGER Embedded Studio for ARM 3.34b/lib/libm_v6m_t_le_eabi.a(libm_asm.o)
                0x0000000008000fd4                __aeabi_ui2d
                0x0000000008000fd4                __floatunsidf
                0x0000000008000fd4                __uint32_to_float64
 .text.libc.__float32_to_uint32
                0x0000000008000ff4       0x28 C:/Program Files/SEGGER/SEGGER Embedded Studio for ARM 3.34b/lib/libm_v6m_t_le_eabi.a(libm_asm.o)
                0x0000000008000ff4                __aeabi_f2uiz
                0x0000000008000ff4                __fixunssfsi
                0x0000000008000ff4                __float32_to_uint32
 .text.libc.__float64_to_float32
                0x000000000800101c       0x64 C:/Program Files/SEGGER/SEGGER Embedded Studio for ARM 3.34b/lib/libm_v6m_t_le_eabi.a(libm_asm.o)
                0x000000000800101c                __truncdfsf2
                0x000000000800101c                __float64_to_float32
                0x000000000800101c                __aeabi_d2f
 .text.libc.__float32_add
                0x0000000008001080      0x14c C:/Program Files/SEGGER/SEGGER Embedded Studio for ARM 3.34b/lib/libm_v6m_t_le_eabi.a(libm_asm.o)
                0x0000000008001080                __aeabi_frsub
                0x0000000008001088                __subsf3
                0x0000000008001088                __aeabi_fsub
                0x0000000008001088                __float32_sub
                0x0000000008001090                __addsf3
                0x0000000008001090                __float32_add
                0x0000000008001090                __aeabi_fadd
 .text.libc.__float32_mul
                0x00000000080011cc       0xb8 C:/Program Files/SEGGER/SEGGER Embedded Studio for ARM 3.34b/lib/libm_v6m_t_le_eabi.a(libm_asm.o)
                0x00000000080011cc                __mulsf3
                0x00000000080011cc                __aeabi_fmul
                0x00000000080011cc                __float32_mul
 .text.libc.__float32_div
                0x0000000008001284       0x94 C:/Program Files/SEGGER/SEGGER Embedded Studio for ARM 3.34b/lib/libm_v6m_t_le_eabi.a(libm_asm.o)
                0x0000000008001284                __aeabi_fdiv
                0x0000000008001284                __float32_div
                0x0000000008001284                __divsf3
 .text.libc.__aeabi_fcmplt
                0x0000000008001318       0x30 C:/Program Files/SEGGER/SEGGER Embedded Studio for ARM 3.34b/lib/libm_v6m_t_le_eabi.a(libm_asm.o)
                0x0000000008001318                __aeabi_fcmplt
 .text.libc.__aeabi_fcmpgt
                0x0000000008001348       0x30 C:/Program Files/SEGGER/SEGGER Embedded Studio for ARM 3.34b/lib/libm_v6m_t_le_eabi.a(libm_asm.o)
                0x0000000008001348                __aeabi_fcmpgt
 .text.libc.fabs
                0x0000000008001378        0x8 C:/Program Files/SEGGER/SEGGER Embedded Studio for ARM 3.34b/lib/libm_v6m_t_le_eabi.a(libm2_asm.o)
                0x0000000008001378                fabs(double)
                0x0000000008001378                fabs
 .text.libc.__int32_div
                0x0000000008001380       0x64 C:/Program Files/SEGGER/SEGGER Embedded Studio for ARM 3.34b/lib/libc_v6m_t_le_eabi.a(libc_asm.o)
                0x0000000008001380                __int32_div
                0x0000000008001380                __aeabi_idiv
                0x0000000008001380                __divsi3
                0x00000000080013bc                __aeabi_uidiv
                0x00000000080013bc                __uint32_div
                0x00000000080013bc                __udivsi3
 .text.libc.memcpy
                0x00000000080013e4       0x18 C:/Program Files/SEGGER/SEGGER Embedded Studio for ARM 3.34b/lib/libc_v6m_t_le_eabi.a(libc2_asm.o)
                0x00000000080013e4                __aeabi_memcpy
                0x00000000080013e4                __aeabi_memcpy4
                0x00000000080013e4                __aeabi_memcpy8
                0x00000000080013e4                memcpy
                0x00000000080013fc                __text_end__ = (__text_start__ + SIZEOF (.text))
                0x0000000000001010                __text_size__ = SIZEOF (.text)
                0x00000000080013fc                __text_load_end__ = __text_end__

.vfp11_veneer   0x0000000100000000        0x0
 .vfp11_veneer  0x0000000100000000        0x0 linker stubs

.v4_bx          0x0000000100000000        0x0
 .v4_bx         0x0000000100000000        0x0 linker stubs

.iplt           0x0000000100000000        0x0
 .iplt          0x0000000100000000        0x0 Output/Dimmer Debug/Obj/system_stm32f0xx.o
                0x0000000000000001                . = ASSERT (((__text_start__ == __text_end__) || ((__text_end__ >= __FLASH_segment_start__) && (__text_end__ <= __FLASH_segment_end__))), error: .text is too large to fit in FLASH memory segment)
                0x00000000080013fc                __dtors_load_start__ = ALIGN (__text_end__, 0x4)

.dtors          0x00000000080013fc        0x0
                0x00000000080013fc                __dtors_start__ = .
 *(SORT(.dtors.*))
 *(.dtors)
 *(.fini_array)
 *(SORT(.fini_array.*))
                0x00000000080013fc                __dtors_end__ = (__dtors_start__ + SIZEOF (.dtors))
                0x0000000000000000                __dtors_size__ = SIZEOF (.dtors)
                0x00000000080013fc                __dtors_load_end__ = __dtors_end__
                0x0000000000000001                . = ASSERT (((__dtors_start__ == __dtors_end__) || ((__dtors_end__ >= __FLASH_segment_start__) && (__dtors_end__ <= __FLASH_segment_end__))), error: .dtors is too large to fit in FLASH memory segment)
                0x00000000080013fc                __ctors_load_start__ = ALIGN (__dtors_end__, 0x4)

.ctors          0x00000000080013fc        0x0
                0x00000000080013fc                __ctors_start__ = .
 *(SORT(.ctors.*))
 *(.ctors)
 *(.init_array)
 *(SORT(.init_array.*))
                0x00000000080013fc                __ctors_end__ = (__ctors_start__ + SIZEOF (.ctors))
                0x0000000000000000                __ctors_size__ = SIZEOF (.ctors)
                0x00000000080013fc                __ctors_load_end__ = __ctors_end__
                0x0000000000000001                . = ASSERT (((__ctors_start__ == __ctors_end__) || ((__ctors_end__ >= __FLASH_segment_start__) && (__ctors_end__ <= __FLASH_segment_end__))), error: .ctors is too large to fit in FLASH memory segment)
                0x00000000080013fc                __rodata_load_start__ = ALIGN (__ctors_end__, 0x4)

.rodata         0x00000000080013fc       0x44
                0x00000000080013fc                __rodata_start__ = .
 *(.rodata .rodata.* .gnu.linkonce.r.*)
 .rodata.USART1_IRQHandler
                0x00000000080013fc       0x44 Output/Dimmer Debug/Obj/modbus_slave.o
                0x0000000008001440                __rodata_end__ = (__rodata_start__ + SIZEOF (.rodata))
                0x0000000000000044                __rodata_size__ = SIZEOF (.rodata)
                0x0000000008001440                __rodata_load_end__ = __rodata_end__

.rel.dyn        0x0000000008000000        0x0
 .rel.iplt      0x0000000008000000        0x0 Output/Dimmer Debug/Obj/system_stm32f0xx.o
                0x0000000000000001                . = ASSERT (((__rodata_start__ == __rodata_end__) || ((__rodata_end__ >= __FLASH_segment_start__) && (__rodata_end__ <= __FLASH_segment_end__))), error: .rodata is too large to fit in FLASH memory segment)
                0x0000000008001440                __ARM.exidx_load_start__ = ALIGN (__rodata_end__, 0x4)

.ARM.exidx      0x0000000008001440        0x0
                0x0000000008001440                __ARM.exidx_start__ = .
                0x0000000008001440                __exidx_start = __ARM.exidx_start__
 *(.ARM.exidx .ARM.exidx.*)
                0x0000000008001440                __ARM.exidx_end__ = (__ARM.exidx_start__ + SIZEOF (.ARM.exidx))
                0x0000000000000000                __ARM.exidx_size__ = SIZEOF (.ARM.exidx)
                0x0000000008001440                __exidx_end = __ARM.exidx_end__
                0x0000000008001440                __ARM.exidx_load_end__ = __ARM.exidx_end__
                0x0000000000000001                . = ASSERT (((__ARM.exidx_start__ == __ARM.exidx_end__) || ((__ARM.exidx_end__ >= __FLASH_segment_start__) && (__ARM.exidx_end__ <= __FLASH_segment_end__))), error: .ARM.exidx is too large to fit in FLASH memory segment)
                0x0000000008001440                __fast_load_start__ = ALIGN (__ARM.exidx_end__, 0x4)

.fast           0x0000000020000000        0x0 load address 0x0000000008001440
                0x0000000020000000                __fast_start__ = .
 *(.fast .fast.*)
                0x0000000020000000                __fast_end__ = (__fast_start__ + SIZEOF (.fast))
                0x0000000000000000                __fast_size__ = SIZEOF (.fast)
                0x0000000008001440                __fast_load_end__ = (__fast_load_start__ + SIZEOF (.fast))
                0x0000000000000001                . = ASSERT (((__fast_load_start__ == __fast_load_end__) || ((__fast_load_end__ >= __FLASH_segment_start__) && (__fast_load_end__ <= __FLASH_segment_end__))), error: .fast is too large to fit in FLASH memory segment)

.fast_run       0x0000000020000000        0x0
                0x0000000020000000                __fast_run_start__ = .
                0x0000000020000000                . = MAX ((__fast_run_start__ + SIZEOF (.fast)), .)
                0x0000000020000000                __fast_run_end__ = (__fast_run_start__ + SIZEOF (.fast_run))
                0x0000000000000000                __fast_run_size__ = SIZEOF (.fast_run)
                0x0000000020000000                __fast_run_load_end__ = __fast_run_end__
                0x0000000000000001                . = ASSERT (((__fast_run_start__ == __fast_run_end__) || ((__fast_run_end__ >= __RAM_segment_start__) && (__fast_run_end__ <= __RAM_segment_end__))), error: .fast_run is too large to fit in RAM memory segment)
                0x0000000008001440                __data_load_start__ = ALIGN ((__fast_load_start__ + SIZEOF (.fast)), 0x4)

.data           0x0000000020000000        0x4 load address 0x0000000008001440
                0x0000000020000000                __data_start__ = .
 *(.data .data.* .gnu.linkonce.d.*)
 .data.SystemCoreClock
                0x0000000020000000        0x4 Output/Dimmer Debug/Obj/system_stm32f0xx.o
                0x0000000020000000                SystemCoreClock
                0x0000000020000004                __data_end__ = (__data_start__ + SIZEOF (.data))
                0x0000000000000004                __data_size__ = SIZEOF (.data)
                0x0000000008001444                __data_load_end__ = (__data_load_start__ + SIZEOF (.data))

.igot.plt       0x0000000100000000        0x0
 .igot.plt      0x0000000100000000        0x0 Output/Dimmer Debug/Obj/system_stm32f0xx.o
                0x0000000000000001                . = ASSERT (((__data_load_start__ == __data_load_end__) || ((__data_load_end__ >= __FLASH_segment_start__) && (__data_load_end__ <= __FLASH_segment_end__))), error: .data is too large to fit in FLASH memory segment)

.data_run       0x0000000020000000        0x4 load address 0x0000000008001440
                0x0000000020000000                __data_run_start__ = .
                0x0000000020000004                . = MAX ((__data_run_start__ + SIZEOF (.data)), .)
 *fill*         0x0000000020000000        0x4 
                0x0000000020000004                __data_run_end__ = (__data_run_start__ + SIZEOF (.data_run))
                0x0000000000000004                __data_run_size__ = SIZEOF (.data_run)
                0x0000000020000004                __data_run_load_end__ = __data_run_end__
                0x0000000000000001                . = ASSERT (((__data_run_start__ == __data_run_end__) || ((__data_run_end__ >= __RAM_segment_start__) && (__data_run_end__ <= __RAM_segment_end__))), error: .data_run is too large to fit in RAM memory segment)
                0x0000000008001444                __tdata_load_start__ = ALIGN ((__data_load_start__ + SIZEOF (.data)), 0x4)

.tdata          0x0000000020000004        0x0 load address 0x0000000008001444
                0x0000000020000004                __tdata_start__ = .
 *(.tdata .tdata.*)
                0x0000000020000004                __tdata_end__ = (__tdata_start__ + SIZEOF (.tdata))
                0x0000000000000000                __tdata_size__ = SIZEOF (.tdata)
                0x0000000008001444                __tdata_load_end__ = (__tdata_load_start__ + SIZEOF (.tdata))
                0x0000000008001444                __FLASH_segment_used_end__ = (ALIGN ((__data_load_start__ + SIZEOF (.data)), 0x4) + SIZEOF (.tdata))
                0x0000000000001444                __FLASH_segment_used_size__ = (__FLASH_segment_used_end__ - __FLASH_segment_start__)
                0x0000000000000001                . = ASSERT (((__tdata_load_start__ == __tdata_load_end__) || ((__tdata_load_end__ >= __FLASH_segment_start__) && (__tdata_load_end__ <= __FLASH_segment_end__))), error: .tdata is too large to fit in FLASH memory segment)

.tdata_run      0x0000000020000004        0x0
                0x0000000020000004                __tdata_run_start__ = .
                0x0000000020000004                . = MAX ((__tdata_run_start__ + SIZEOF (.tdata)), .)
                0x0000000020000004                __tdata_run_end__ = (__tdata_run_start__ + SIZEOF (.tdata_run))
                0x0000000000000000                __tdata_run_size__ = SIZEOF (.tdata_run)
                0x0000000020000004                __tdata_run_load_end__ = __tdata_run_end__
                0x0000000000000001                . = ASSERT (((__tdata_run_start__ == __tdata_run_end__) || ((__tdata_run_end__ >= __RAM_segment_start__) && (__tdata_run_end__ <= __RAM_segment_end__))), error: .tdata_run is too large to fit in RAM memory segment)
                0x0000000020000004                __bss_load_start__ = ALIGN (__tdata_run_end__, 0x4)

.bss            0x0000000020000004      0x17c
                0x0000000020000004                __bss_start__ = .
 *(.bss .bss.* .gnu.linkonce.b.*)
 .bss.value     0x0000000020000004        0x4 Output/Dimmer Debug/Obj/main.o
                0x0000000020000004                value
 .bss.var       0x0000000020000008        0xa Output/Dimmer Debug/Obj/main.o
                0x0000000020000008                var
 .bss.slave_addr
                0x0000000020000012        0x1 Output/Dimmer Debug/Obj/modbus_slave.o
                0x0000000020000012                slave_addr
 *fill*         0x0000000020000013        0x1 
 .bss.pointer   0x0000000020000014        0x4 Output/Dimmer Debug/Obj/modbus_slave.o
                0x0000000020000014                pointer
 .bss.slave_buf
                0x0000000020000018       0x64 Output/Dimmer Debug/Obj/modbus_slave.o
                0x0000000020000018                slave_buf
 .bss.slave_in_cnt
                0x000000002000007c        0x1 Output/Dimmer Debug/Obj/modbus_slave.o
                0x000000002000007c                slave_in_cnt
 *fill*         0x000000002000007d        0x3 
 .bss.slave_answer_buf
                0x0000000020000080      0x100 Output/Dimmer Debug/Obj/modbus_slave.o
                0x0000000020000080                slave_answer_buf
 *(COMMON)
                0x0000000020000180                __bss_end__ = (__bss_start__ + SIZEOF (.bss))
                0x000000000000017c                __bss_size__ = SIZEOF (.bss)
                0x0000000020000180                __bss_load_end__ = __bss_end__
                0x0000000000000001                . = ASSERT (((__bss_start__ == __bss_end__) || ((__bss_end__ >= __RAM_segment_start__) && (__bss_end__ <= __RAM_segment_end__))), error: .bss is too large to fit in RAM memory segment)
                0x0000000020000180                __tbss_load_start__ = ALIGN (__bss_end__, 0x4)

.tbss           0x0000000020000180        0x0
                0x0000000020000180                __tbss_start__ = .
 *(.tbss .tbss.*)
                0x0000000020000180                __tbss_end__ = (__tbss_start__ + SIZEOF (.tbss))
                0x0000000000000000                __tbss_size__ = SIZEOF (.tbss)
                0x0000000020000180                __tbss_load_end__ = __tbss_end__
                0x0000000000000001                . = ASSERT (((__tbss_start__ == __tbss_end__) || ((__tbss_end__ >= __RAM_segment_start__) && (__tbss_end__ <= __RAM_segment_end__))), error: .tbss is too large to fit in RAM memory segment)
                0x0000000020000180                __non_init_load_start__ = ALIGN (__tbss_end__, 0x4)

.non_init       0x0000000020000180        0x0
                0x0000000020000180                __non_init_start__ = .
 *(.non_init .non_init.*)
                0x0000000020000180                __non_init_end__ = (__non_init_start__ + SIZEOF (.non_init))
                0x0000000000000000                __non_init_size__ = SIZEOF (.non_init)
                0x0000000020000180                __non_init_load_end__ = __non_init_end__
                0x0000000000000001                . = ASSERT (((__non_init_start__ == __non_init_end__) || ((__non_init_end__ >= __RAM_segment_start__) && (__non_init_end__ <= __RAM_segment_end__))), error: .non_init is too large to fit in RAM memory segment)
                0x0000000020000180                __heap_load_start__ = ALIGN (__non_init_end__, 0x4)

.heap           0x0000000020000180        0x0
                0x0000000020000180                __heap_start__ = .
 *(.heap .heap.*)
                0x0000000020000180                . = ALIGN (MAX ((__heap_start__ + __HEAPSIZE__), .), 0x4)
                0x0000000020000180                __heap_end__ = (__heap_start__ + SIZEOF (.heap))
                0x0000000000000000                __heap_size__ = SIZEOF (.heap)
                0x0000000020000180                __heap_load_end__ = __heap_end__
                0x0000000000000001                . = ASSERT (((__heap_start__ == __heap_end__) || ((__heap_end__ >= __RAM_segment_start__) && (__heap_end__ <= __RAM_segment_end__))), error: .heap is too large to fit in RAM memory segment)
                0x0000000020000f00                __stack_load_start__ = (__RAM_segment_end__ - 0x100)

.stack          0x0000000020000f00      0x100
                0x0000000020000f00                __stack_start__ = .
 *(.stack .stack.*)
                0x0000000020001000                . = ALIGN (MAX ((__stack_start__ + __STACKSIZE__), .), 0x8)
 *fill*         0x0000000020000f00      0x100 
                0x0000000020001000                __stack_end__ = (__stack_start__ + SIZEOF (.stack))
                0x0000000000000100                __stack_size__ = SIZEOF (.stack)
                0x0000000020001000                __stack_load_end__ = __stack_end__
                0x0000000000000001                . = ASSERT (((__stack_start__ == __stack_end__) || ((__stack_end__ >= __RAM_segment_start__) && (__stack_end__ <= __RAM_segment_end__))), error: .stack is too large to fit in RAM memory segment)
                0x0000000000000001                . = ASSERT ((__heap_end__ <= __stack_start__), error: section .heap overlaps absolute placed section .stack)
                0x0000000020001000                __stack_process_load_start__ = ALIGN (__stack_end__, 0x8)

.stack_process  0x0000000020001000        0x0
                0x0000000020001000                __stack_process_start__ = .
 *(.stack_process .stack_process.*)
                0x0000000020001000                . = ALIGN (MAX ((__stack_process_start__ + __STACKSIZE_PROCESS__), .), 0x8)
                0x0000000020001000                __stack_process_end__ = (__stack_process_start__ + SIZEOF (.stack_process))
                0x0000000000000000                __stack_process_size__ = SIZEOF (.stack_process)
                0x0000000020001000                __stack_process_load_end__ = __stack_process_end__
                0x0000000020001000                __RAM_segment_used_end__ = (ALIGN (__stack_end__, 0x8) + SIZEOF (.stack_process))
                0x0000000000001000                __RAM_segment_used_size__ = (__RAM_segment_used_end__ - __RAM_segment_start__)
                0x0000000000000001                . = ASSERT (((__stack_process_start__ == __stack_process_end__) || ((__stack_process_end__ >= __RAM_segment_start__) && (__stack_process_end__ <= __RAM_segment_end__))), error: .stack_process is too large to fit in RAM memory segment)
START GROUP
LOAD Output/Dimmer Debug/Obj/system_stm32f0xx.o
LOAD Output/Dimmer Debug/Obj/SEGGER_RTT.o
LOAD Output/Dimmer Debug/Obj/SEGGER_RTT_SES.o
LOAD Output/Dimmer Debug/Obj/main.o
LOAD Output/Dimmer Debug/Obj/thumb_crt0.o
LOAD Output/Dimmer Debug/Obj/STM32F0xx_Startup.o
LOAD Output/Dimmer Debug/Obj/STM32F0x0_Vectors.o
LOAD Output/Dimmer Debug/Obj/modbus_slave.o
LOAD C:/Program Files/SEGGER/SEGGER Embedded Studio for ARM 3.34b/lib/libdebugio_mempoll_v6m_t_le_eabi.a
LOAD C:/Program Files/SEGGER/SEGGER Embedded Studio for ARM 3.34b/lib/libm_v6m_t_le_eabi.a
LOAD C:/Program Files/SEGGER/SEGGER Embedded Studio for ARM 3.34b/lib/libc_v6m_t_le_eabi.a
LOAD C:/Program Files/SEGGER/SEGGER Embedded Studio for ARM 3.34b/lib/libcpp_v6m_t_le_eabi.a
LOAD C:/Program Files/SEGGER/SEGGER Embedded Studio for ARM 3.34b/lib/libdebugio_v6m_t_le_eabi.a
LOAD C:/Program Files/SEGGER/SEGGER Embedded Studio for ARM 3.34b/lib/libvfprintf_v6m_t_le_eabi.o
LOAD C:/Program Files/SEGGER/SEGGER Embedded Studio for ARM 3.34b/lib/libvfscanf_v6m_t_le_eabi.o
END GROUP
OUTPUT(Output/Debug/Exe/Dimmer.elf elf32-littlearm)

.debug_frame    0x0000000000000000      0x1e4
 .debug_frame   0x0000000000000000       0x40 Output/Dimmer Debug/Obj/system_stm32f0xx.o
 .debug_frame   0x0000000000000040       0xf8 Output/Dimmer Debug/Obj/main.o
 .debug_frame   0x0000000000000138       0xac Output/Dimmer Debug/Obj/modbus_slave.o

.debug_info     0x0000000000000000     0x1c36
 .debug_info    0x0000000000000000      0x1f9 Output/Dimmer Debug/Obj/system_stm32f0xx.o
 .debug_info    0x00000000000001f9      0xd14 Output/Dimmer Debug/Obj/main.o
 .debug_info    0x0000000000000f0d       0x5f Output/Dimmer Debug/Obj/thumb_crt0.o
 .debug_info    0x0000000000000f6c       0x6a Output/Dimmer Debug/Obj/STM32F0xx_Startup.o
 .debug_info    0x0000000000000fd6       0x6a Output/Dimmer Debug/Obj/STM32F0x0_Vectors.o
 .debug_info    0x0000000000001040      0xbf6 Output/Dimmer Debug/Obj/modbus_slave.o

.debug_abbrev   0x0000000000000000      0x620
 .debug_abbrev  0x0000000000000000      0x101 Output/Dimmer Debug/Obj/system_stm32f0xx.o
 .debug_abbrev  0x0000000000000101      0x280 Output/Dimmer Debug/Obj/main.o
 .debug_abbrev  0x0000000000000381       0x12 Output/Dimmer Debug/Obj/thumb_crt0.o
 .debug_abbrev  0x0000000000000393       0x14 Output/Dimmer Debug/Obj/STM32F0xx_Startup.o
 .debug_abbrev  0x00000000000003a7       0x14 Output/Dimmer Debug/Obj/STM32F0x0_Vectors.o
 .debug_abbrev  0x00000000000003bb      0x265 Output/Dimmer Debug/Obj/modbus_slave.o

.debug_pubnames
                0x0000000000000000      0x5c8
 .debug_pubnames
                0x0000000000000000       0x61 Output/Dimmer Debug/Obj/system_stm32f0xx.o
 .debug_pubnames
                0x0000000000000061      0x28d Output/Dimmer Debug/Obj/main.o
 .debug_pubnames
                0x00000000000002ee      0x2da Output/Dimmer Debug/Obj/modbus_slave.o

.debug_pubtypes
                0x0000000000000000      0x54b
 .debug_pubtypes
                0x0000000000000000       0xd5 Output/Dimmer Debug/Obj/system_stm32f0xx.o
 .debug_pubtypes
                0x00000000000000d5      0x255 Output/Dimmer Debug/Obj/main.o
 .debug_pubtypes
                0x000000000000032a      0x221 Output/Dimmer Debug/Obj/modbus_slave.o

.debug_aranges  0x0000000000000000      0x1f0
 .debug_aranges
                0x0000000000000000       0x28 Output/Dimmer Debug/Obj/system_stm32f0xx.o
 .debug_aranges
                0x0000000000000028       0x60 Output/Dimmer Debug/Obj/main.o
 .debug_aranges
                0x0000000000000088       0xe0 Output/Dimmer Debug/Obj/thumb_crt0.o
 .debug_aranges
                0x0000000000000168       0x20 Output/Dimmer Debug/Obj/STM32F0xx_Startup.o
 .debug_aranges
                0x0000000000000188       0x20 Output/Dimmer Debug/Obj/STM32F0x0_Vectors.o
 .debug_aranges
                0x00000000000001a8       0x48 Output/Dimmer Debug/Obj/modbus_slave.o

.debug_ranges   0x0000000000000000      0x178
 .debug_ranges  0x0000000000000000       0x18 Output/Dimmer Debug/Obj/system_stm32f0xx.o
 .debug_ranges  0x0000000000000018       0x50 Output/Dimmer Debug/Obj/main.o
 .debug_ranges  0x0000000000000068       0xd8 Output/Dimmer Debug/Obj/thumb_crt0.o
 .debug_ranges  0x0000000000000140       0x38 Output/Dimmer Debug/Obj/modbus_slave.o

.debug_macro    0x0000000000000000     0x498b
 .debug_macro   0x0000000000000000       0x86 Output/Dimmer Debug/Obj/system_stm32f0xx.o
 .debug_macro   0x0000000000000086      0x8c2 Output/Dimmer Debug/Obj/system_stm32f0xx.o
 .debug_macro   0x0000000000000948       0x2e Output/Dimmer Debug/Obj/system_stm32f0xx.o
 .debug_macro   0x0000000000000976       0x22 Output/Dimmer Debug/Obj/system_stm32f0xx.o
 .debug_macro   0x0000000000000998      0x189 Output/Dimmer Debug/Obj/system_stm32f0xx.o
 .debug_macro   0x0000000000000b21       0x34 Output/Dimmer Debug/Obj/system_stm32f0xx.o
 .debug_macro   0x0000000000000b55       0x26 Output/Dimmer Debug/Obj/system_stm32f0xx.o
 .debug_macro   0x0000000000000b7b      0x30d Output/Dimmer Debug/Obj/system_stm32f0xx.o
 .debug_macro   0x0000000000000e88     0x3866 Output/Dimmer Debug/Obj/system_stm32f0xx.o
 .debug_macro   0x00000000000046ee       0x3c Output/Dimmer Debug/Obj/system_stm32f0xx.o
 .debug_macro   0x000000000000472a       0xaf Output/Dimmer Debug/Obj/main.o
 .debug_macro   0x00000000000047d9       0x1c Output/Dimmer Debug/Obj/main.o
 .debug_macro   0x00000000000047f5       0xf4 Output/Dimmer Debug/Obj/main.o
 .debug_macro   0x00000000000048e9       0xa2 Output/Dimmer Debug/Obj/modbus_slave.o

.debug_line     0x0000000000000000      0xae1
 .debug_line    0x0000000000000000      0x1b6 Output/Dimmer Debug/Obj/system_stm32f0xx.o
 .debug_line    0x00000000000001b6      0x2df Output/Dimmer Debug/Obj/main.o
 .debug_line    0x0000000000000495      0x28d Output/Dimmer Debug/Obj/thumb_crt0.o
 .debug_line    0x0000000000000722       0x6e Output/Dimmer Debug/Obj/STM32F0xx_Startup.o
 .debug_line    0x0000000000000790       0x7e Output/Dimmer Debug/Obj/STM32F0x0_Vectors.o
 .debug_line    0x000000000000080e      0x2d3 Output/Dimmer Debug/Obj/modbus_slave.o

.debug_str      0x0000000000000000    0x19e21
 .debug_str     0x0000000000000000    0x18b1f Output/Dimmer Debug/Obj/system_stm32f0xx.o
                                      0x18b88 (size before relaxing)
 .debug_str     0x0000000000018b1f     0x1185 Output/Dimmer Debug/Obj/main.o
                                      0x19c31 (size before relaxing)
 .debug_str     0x0000000000019ca4      0x17d Output/Dimmer Debug/Obj/modbus_slave.o
                                      0x1957d (size before relaxing)

.comment        0x0000000000000000       0x4c
 .comment       0x0000000000000000       0x4c Output/Dimmer Debug/Obj/system_stm32f0xx.o
                                         0x4d (size before relaxing)
 .comment       0x000000000000004c       0x4d Output/Dimmer Debug/Obj/main.o
 .comment       0x000000000000004c       0x4d Output/Dimmer Debug/Obj/modbus_slave.o

.ARM.attributes
                0x0000000000000000       0x2f
 .ARM.attributes
                0x0000000000000000       0x31 Output/Dimmer Debug/Obj/system_stm32f0xx.o
 .ARM.attributes
                0x0000000000000031       0x31 Output/Dimmer Debug/Obj/main.o
 .ARM.attributes
                0x0000000000000062       0x21 Output/Dimmer Debug/Obj/thumb_crt0.o
 .ARM.attributes
                0x0000000000000083       0x21 Output/Dimmer Debug/Obj/STM32F0xx_Startup.o
 .ARM.attributes
                0x00000000000000a4       0x21 Output/Dimmer Debug/Obj/STM32F0x0_Vectors.o
 .ARM.attributes
                0x00000000000000c5       0x31 Output/Dimmer Debug/Obj/modbus_slave.o
 .ARM.attributes
                0x00000000000000f6       0x1b C:/Program Files/SEGGER/SEGGER Embedded Studio for ARM 3.34b/lib/libm_v6m_t_le_eabi.a(libm_asm.o)
 .ARM.attributes
                0x0000000000000111       0x1b C:/Program Files/SEGGER/SEGGER Embedded Studio for ARM 3.34b/lib/libm_v6m_t_le_eabi.a(libm2_asm.o)
 .ARM.attributes
                0x000000000000012c       0x1b C:/Program Files/SEGGER/SEGGER Embedded Studio for ARM 3.34b/lib/libc_v6m_t_le_eabi.a(libc_asm.o)
 .ARM.attributes
                0x0000000000000147       0x1b C:/Program Files/SEGGER/SEGGER Embedded Studio for ARM 3.34b/lib/libc_v6m_t_le_eabi.a(libc2_asm.o)
